// Jest Snapshot v1, https://goo.gl/fbAQLP

exports[`withPrivateRoute is render correctly 1`] = `null`;
