// Jest Snapshot v1, https://goo.gl/fbAQLP

exports[`Should NearPlaces render correctly 1`] = `null`;
