// Jest Snapshot v1, https://goo.gl/fbAQLP

exports[`withComment is render correctly 1`] = `<div />`;
