// Jest Snapshot v1, https://goo.gl/fbAQLP

exports[`Should ReviewsList render correctly 1`] = `
<ul
  className="reviews__list"
>
  <li
    className="reviews__item"
  >
    <div
      className="reviews__user user"
    >
      <div
        className="reviews__avatar-wrapper user__avatar-wrapper"
      >
        <img
          alt="Reviews avatar"
          className="reviews__avatar user__avatar"
          height="54"
          src="http://picsum.photos/74/74?r=123}"
          width="54"
        />
      </div>
      <span
        className="reviews__user-name"
      >
        Sun-43
      </span>
    </div>
    <div
      className="reviews__info"
    >
      <div
        className="reviews__rating rating"
      >
        <div
          className="reviews__stars rating__stars"
        >
          <span
            style={
              Object {
                "width": "100%",
              }
            }
          />
          <span
            className="visually-hidden"
          >
            Rating
          </span>
        </div>
      </div>
      <p
        className="reviews__text"
      >
        Dicta sit pariatur porro quaerat autem ipsam odit quam beatae tempora...
      </p>
      <time
        className="reviews__time"
        dateTime={2020-11-04T21:00:00.000Z}
      >
        November 2020
      </time>
    </div>
  </li>
</ul>
`;
